EN interrupt_logger NULL "C:/Users/Kishore/Documents/MS/IMTEK/ILIAS/SS 2017/VLSI System Design/Project/code base/UKM910_INTR_HNDL/Interrupt_Logger.vhd" sub00/vhpl43 1497901390
EN register_16bits NULL "C:/Users/Kishore/Documents/MS/IMTEK/ILIAS/SS 2017/VLSI System Design/Project/code base/UKM910_INTR_HNDL/Register_16Bits.vhd" sub00/vhpl29 1497901376
AR mux_8to1_16bits behavioral "C:/Users/Kishore/Documents/MS/IMTEK/ILIAS/SS 2017/VLSI System Design/Project/code base/UKM910_INTR_HNDL/MUX_8to1_16Bits.vhd" sub00/vhpl42 1497901389
EN dflipflop NULL "C:/Users/Kishore/Documents/MS/IMTEK/ILIAS/SS 2017/VLSI System Design/Project/code base/UKM910_INTR_HNDL/DFlipFlop.vhd" sub00/vhpl02 1497901349
AR alu structural "C:/Users/Kishore/Documents/MS/IMTEK/ILIAS/SS 2017/VLSI System Design/Project/code base/UKM910_INTR_HNDL/remote_sources/_/UKM910_ALU_Design/ALU.vhd" sub00/vhpl26 1497901373
EN iflag NULL "C:/Users/Kishore/Documents/MS/IMTEK/ILIAS/SS 2017/VLSI System Design/Project/code base/UKM910_INTR_HNDL/IFLAG.vhd" sub00/vhpl31 1497901378
EN mux_2to1_16bits NULL "C:/Users/Kishore/Documents/MS/IMTEK/ILIAS/SS 2017/VLSI System Design/Project/code base/UKM910_INTR_HNDL/MUX_2to1_16Bits.vhd" sub00/vhpl33 1497901380
AR mux_4input_16bit behavioral "C:/Users/Kishore/Documents/MS/IMTEK/ILIAS/SS 2017/VLSI System Design/Project/code base/UKM910_INTR_HNDL/remote_sources/_/UKM910_ALU_Design/MUX_4Input_16Bit.vhd" sub00/vhpl17 1497901364
EN logicalshifter_16bit NULL "C:/Users/Kishore/Documents/MS/IMTEK/ILIAS/SS 2017/VLSI System Design/Project/code base/UKM910_INTR_HNDL/remote_sources/_/UKM910_ALU_Design/LogicalShifter_16Bit.vhd" sub00/vhpl18 1497901365
AR control_unit behavioral "C:/Users/Kishore/Documents/MS/IMTEK/ILIAS/SS 2017/VLSI System Design/Project/code base/UKM910_INTR_HNDL/Control_Unit.vhd" sub00/vhpl28 1497901375
EN mux_16to1_16bits NULL "C:/Users/Kishore/Documents/MS/IMTEK/ILIAS/SS 2017/VLSI System Design/Project/code base/UKM910_INTR_HNDL/MUX_16to1_16Bits.vhd" sub00/vhpl35 1497901382
AR mux_2input_16bit behavioral "C:/Users/Kishore/Documents/MS/IMTEK/ILIAS/SS 2017/VLSI System Design/Project/code base/UKM910_INTR_HNDL/remote_sources/_/UKM910_ALU_Design/MUX_2Input_16Bit.vhd" sub00/vhpl13 1497901360
AR mux_8to1_12bits behavioral "C:/Users/Kishore/Documents/MS/IMTEK/ILIAS/SS 2017/VLSI System Design/Project/code base/UKM910_INTR_HNDL/MUX_8to1_12Bits.vhd" sub00/vhpl38 1497901385
AR debug_module rtl "C:/Users/Kishore/Documents/MS/IMTEK/ILIAS/SS 2017/VLSI System Design/Project/code base/UKM910_INTR_HNDL/debug_module.vhd" sub00/vhpl50 1497901397
AR memory_int behavioral "C:/Users/Kishore/Documents/MS/IMTEK/ILIAS/SS 2017/VLSI System Design/Project/code base/UKM910_INTR_HNDL/memory_int.vhd" sub00/vhpl23 1497901370
AR decoder4x16 behavioral "C:/Users/Kishore/Documents/MS/IMTEK/ILIAS/SS 2017/VLSI System Design/Project/code base/UKM910_INTR_HNDL/remote_sources/_/UKM910_ALU_Design/Decoder4x16.vhd" sub00/vhpl05 1497901352
EN debug_module NULL "C:/Users/Kishore/Documents/MS/IMTEK/ILIAS/SS 2017/VLSI System Design/Project/code base/UKM910_INTR_HNDL/debug_module.vhd" sub00/vhpl49 1497901396
AR rotary_encoder rtl "C:/Users/Kishore/Documents/MS/IMTEK/ILIAS/SS 2017/VLSI System Design/Project/code base/UKM910_INTR_HNDL/rotary_encoder.vhd" sub00/vhpl21 1497901368
AR mux_16to1_16bits behavioral "C:/Users/Kishore/Documents/MS/IMTEK/ILIAS/SS 2017/VLSI System Design/Project/code base/UKM910_INTR_HNDL/MUX_16to1_16Bits.vhd" sub00/vhpl36 1497901383
EN fulladder_2input_1bit NULL "C:/Users/Kishore/Documents/MS/IMTEK/ILIAS/SS 2017/VLSI System Design/Project/code base/UKM910_INTR_HNDL/remote_sources/_/UKM910_ALU_Design/FullAdder_2Input_1Bit.vhd" sub00/vhpl00 1497901347
EN mux_4input_16bit NULL "C:/Users/Kishore/Documents/MS/IMTEK/ILIAS/SS 2017/VLSI System Design/Project/code base/UKM910_INTR_HNDL/remote_sources/_/UKM910_ALU_Design/MUX_4Input_16Bit.vhd" sub00/vhpl16 1497901363
AR logicalshifter_16bit behavioral "C:/Users/Kishore/Documents/MS/IMTEK/ILIAS/SS 2017/VLSI System Design/Project/code base/UKM910_INTR_HNDL/remote_sources/_/UKM910_ALU_Design/LogicalShifter_16Bit.vhd" sub00/vhpl19 1497901366
EN ukm910 NULL "C:/Users/Kishore/Documents/MS/IMTEK/ILIAS/SS 2017/VLSI System Design/Project/code base/UKM910_INTR_HNDL/UKM910.vhd" sub00/vhpl45 1497901392
AR xor_2input_16bit behavioral "C:/Users/Kishore/Documents/MS/IMTEK/ILIAS/SS 2017/VLSI System Design/Project/code base/UKM910_INTR_HNDL/remote_sources/_/UKM910_ALU_Design/XOR_2Input_16Bit.vhd" sub00/vhpl11 1497901358
EN mux_2input_16bit NULL "C:/Users/Kishore/Documents/MS/IMTEK/ILIAS/SS 2017/VLSI System Design/Project/code base/UKM910_INTR_HNDL/remote_sources/_/UKM910_ALU_Design/MUX_2Input_16Bit.vhd" sub00/vhpl12 1497901359
AR dflipflop behavioral "C:/Users/Kishore/Documents/MS/IMTEK/ILIAS/SS 2017/VLSI System Design/Project/code base/UKM910_INTR_HNDL/DFlipFlop.vhd" sub00/vhpl03 1497901350
EN memory NULL "C:/Users/Kishore/Documents/MS/IMTEK/ILIAS/SS 2017/VLSI System Design/Project/code base/UKM910_INTR_HNDL/memory.vhd" sub00/vhpl47 1497901394
AR interrupt_logger behavioral "C:/Users/Kishore/Documents/MS/IMTEK/ILIAS/SS 2017/VLSI System Design/Project/code base/UKM910_INTR_HNDL/Interrupt_Logger.vhd" sub00/vhpl44 1497901391
AR and_2input_16bit behavioral "C:/Users/Kishore/Documents/MS/IMTEK/ILIAS/SS 2017/VLSI System Design/Project/code base/UKM910_INTR_HNDL/remote_sources/_/UKM910_ALU_Design/AND_2Input_16Bit.vhd" sub00/vhpl07 1497901354
EN decoder4x16 NULL "C:/Users/Kishore/Documents/MS/IMTEK/ILIAS/SS 2017/VLSI System Design/Project/code base/UKM910_INTR_HNDL/remote_sources/_/UKM910_ALU_Design/Decoder4x16.vhd" sub00/vhpl04 1497901351
AR ukm910 structural "C:/Users/Kishore/Documents/MS/IMTEK/ILIAS/SS 2017/VLSI System Design/Project/code base/UKM910_INTR_HNDL/UKM910.vhd" sub00/vhpl46 1497901393
AR debug_processor_toplevel structural "C:/Users/Kishore/Documents/MS/IMTEK/ILIAS/SS 2017/VLSI System Design/Project/code base/UKM910_INTR_HNDL/debug_processor_toplevel.vhd" sub00/vhpl52 1497901399
EN or_2input_16bit NULL "C:/Users/Kishore/Documents/MS/IMTEK/ILIAS/SS 2017/VLSI System Design/Project/code base/UKM910_INTR_HNDL/remote_sources/_/UKM910_ALU_Design/OR_2Input_16Bit.vhd" sub00/vhpl08 1497901355
EN memory_int NULL "C:/Users/Kishore/Documents/MS/IMTEK/ILIAS/SS 2017/VLSI System Design/Project/code base/UKM910_INTR_HNDL/memory_int.vhd" sub00/vhpl22 1497901369
AR fulladder_2input_1bit behavioral "C:/Users/Kishore/Documents/MS/IMTEK/ILIAS/SS 2017/VLSI System Design/Project/code base/UKM910_INTR_HNDL/remote_sources/_/UKM910_ALU_Design/FullAdder_2Input_1Bit.vhd" sub00/vhpl01 1497901348
AR memory behavioral "C:/Users/Kishore/Documents/MS/IMTEK/ILIAS/SS 2017/VLSI System Design/Project/code base/UKM910_INTR_HNDL/memory.vhd" sub00/vhpl48 1497901395
AR mux_2to1_16bits behavioral "C:/Users/Kishore/Documents/MS/IMTEK/ILIAS/SS 2017/VLSI System Design/Project/code base/UKM910_INTR_HNDL/MUX_2to1_16Bits.vhd" sub00/vhpl34 1497901381
EN mux_8to1_16bits NULL "C:/Users/Kishore/Documents/MS/IMTEK/ILIAS/SS 2017/VLSI System Design/Project/code base/UKM910_INTR_HNDL/MUX_8to1_16Bits.vhd" sub00/vhpl41 1497901388
EN xor_2input_16bit NULL "C:/Users/Kishore/Documents/MS/IMTEK/ILIAS/SS 2017/VLSI System Design/Project/code base/UKM910_INTR_HNDL/remote_sources/_/UKM910_ALU_Design/XOR_2Input_16Bit.vhd" sub00/vhpl10 1497901357
EN rotary_encoder NULL "C:/Users/Kishore/Documents/MS/IMTEK/ILIAS/SS 2017/VLSI System Design/Project/code base/UKM910_INTR_HNDL/rotary_encoder.vhd" sub00/vhpl20 1497901367
EN mux_8to1_12bits NULL "C:/Users/Kishore/Documents/MS/IMTEK/ILIAS/SS 2017/VLSI System Design/Project/code base/UKM910_INTR_HNDL/MUX_8to1_12Bits.vhd" sub00/vhpl37 1497901384
AR iflag behavioral "C:/Users/Kishore/Documents/MS/IMTEK/ILIAS/SS 2017/VLSI System Design/Project/code base/UKM910_INTR_HNDL/IFLAG.vhd" sub00/vhpl32 1497901379
EN buffer_16bits NULL "C:/Users/Kishore/Documents/MS/IMTEK/ILIAS/SS 2017/VLSI System Design/Project/code base/UKM910_INTR_HNDL/Buffer.vhd" sub00/vhpl39 1497901386
AR memory_int synthesizable "C:/Users/Kishore/Documents/MS/IMTEK/ILIAS/SS 2017/VLSI System Design/Project/code base/UKM910_INTR_HNDL/memory_int.vhd" sub00/vhpl24 1497901371
EN control_unit NULL "C:/Users/Kishore/Documents/MS/IMTEK/ILIAS/SS 2017/VLSI System Design/Project/code base/UKM910_INTR_HNDL/Control_Unit.vhd" sub00/vhpl27 1497901374
AR register_16bits behavioral "C:/Users/Kishore/Documents/MS/IMTEK/ILIAS/SS 2017/VLSI System Design/Project/code base/UKM910_INTR_HNDL/Register_16Bits.vhd" sub00/vhpl30 1497901377
EN debug_processor_toplevel NULL "C:/Users/Kishore/Documents/MS/IMTEK/ILIAS/SS 2017/VLSI System Design/Project/code base/UKM910_INTR_HNDL/debug_processor_toplevel.vhd" sub00/vhpl51 1497901398
EN and_2input_16bit NULL "C:/Users/Kishore/Documents/MS/IMTEK/ILIAS/SS 2017/VLSI System Design/Project/code base/UKM910_INTR_HNDL/remote_sources/_/UKM910_ALU_Design/AND_2Input_16Bit.vhd" sub00/vhpl06 1497901353
EN fulladder_2input_16bit NULL "C:/Users/Kishore/Documents/MS/IMTEK/ILIAS/SS 2017/VLSI System Design/Project/code base/UKM910_INTR_HNDL/remote_sources/_/UKM910_ALU_Design/FullAdder_2Input_16Bit.vhd" sub00/vhpl14 1497901361
EN alu NULL "C:/Users/Kishore/Documents/MS/IMTEK/ILIAS/SS 2017/VLSI System Design/Project/code base/UKM910_INTR_HNDL/remote_sources/_/UKM910_ALU_Design/ALU.vhd" sub00/vhpl25 1497901372
AR fulladder_2input_16bit structural "C:/Users/Kishore/Documents/MS/IMTEK/ILIAS/SS 2017/VLSI System Design/Project/code base/UKM910_INTR_HNDL/remote_sources/_/UKM910_ALU_Design/FullAdder_2Input_16Bit.vhd" sub00/vhpl15 1497901362
AR buffer_16bits behavioral "C:/Users/Kishore/Documents/MS/IMTEK/ILIAS/SS 2017/VLSI System Design/Project/code base/UKM910_INTR_HNDL/Buffer.vhd" sub00/vhpl40 1497901387
AR or_2input_16bit behavioral "C:/Users/Kishore/Documents/MS/IMTEK/ILIAS/SS 2017/VLSI System Design/Project/code base/UKM910_INTR_HNDL/remote_sources/_/UKM910_ALU_Design/OR_2Input_16Bit.vhd" sub00/vhpl09 1497901356
