V3 102
FL "C:/Users/Kishore/Documents/MS/IMTEK/ILIAS/SS 2017/VLSI System Design/Project/code base/UKM910_INTR_HNDL/Buffer.vhd" 2017/06/08.01:33:12 P.20131013
EN work/Buffer_16Bits 1497901386 \
      FL "C:/Users/Kishore/Documents/MS/IMTEK/ILIAS/SS 2017/VLSI System Design/Project/code base/UKM910_INTR_HNDL/Buffer.vhd" \
      PB ieee/std_logic_1164 1381692176
AR work/Buffer_16Bits/Behavioral 1497901387 \
      FL "C:/Users/Kishore/Documents/MS/IMTEK/ILIAS/SS 2017/VLSI System Design/Project/code base/UKM910_INTR_HNDL/Buffer.vhd" \
      EN work/Buffer_16Bits 1497901386
FL "C:/Users/Kishore/Documents/MS/IMTEK/ILIAS/SS 2017/VLSI System Design/Project/code base/UKM910_INTR_HNDL/Control_Unit.vhd" 2017/06/16.15:52:32 P.20131013
EN work/Control_Unit 1497901374 \
      FL "C:/Users/Kishore/Documents/MS/IMTEK/ILIAS/SS 2017/VLSI System Design/Project/code base/UKM910_INTR_HNDL/Control_Unit.vhd" \
      PB ieee/std_logic_1164 1381692176
AR work/Control_Unit/Behavioral 1497901375 \
      FL "C:/Users/Kishore/Documents/MS/IMTEK/ILIAS/SS 2017/VLSI System Design/Project/code base/UKM910_INTR_HNDL/Control_Unit.vhd" \
      EN work/Control_Unit 1497901374
FL "C:/Users/Kishore/Documents/MS/IMTEK/ILIAS/SS 2017/VLSI System Design/Project/code base/UKM910_INTR_HNDL/debug_module.vhd" 2017/04/25.18:24:40 P.20131013
EN work/debug_module 1497901396 \
      FL "C:/Users/Kishore/Documents/MS/IMTEK/ILIAS/SS 2017/VLSI System Design/Project/code base/UKM910_INTR_HNDL/debug_module.vhd" \
      PB ieee/std_logic_1164 1381692176 PB ieee/NUMERIC_STD 1381692181
AR work/debug_module/rtl 1497901397 \
      FL "C:/Users/Kishore/Documents/MS/IMTEK/ILIAS/SS 2017/VLSI System Design/Project/code base/UKM910_INTR_HNDL/debug_module.vhd" \
      EN work/debug_module 1497901396 CP rotary_encoder
FL "C:/Users/Kishore/Documents/MS/IMTEK/ILIAS/SS 2017/VLSI System Design/Project/code base/UKM910_INTR_HNDL/debug_processor_toplevel.vhd" 2017/06/10.00:23:41 P.20131013
EN work/debug_processor_toplevel 1497901398 \
      FL "C:/Users/Kishore/Documents/MS/IMTEK/ILIAS/SS 2017/VLSI System Design/Project/code base/UKM910_INTR_HNDL/debug_processor_toplevel.vhd" \
      PB ieee/std_logic_1164 1381692176
AR work/debug_processor_toplevel/structural 1497901399 \
      FL "C:/Users/Kishore/Documents/MS/IMTEK/ILIAS/SS 2017/VLSI System Design/Project/code base/UKM910_INTR_HNDL/debug_processor_toplevel.vhd" \
      EN work/debug_processor_toplevel 1497901398 AR work/UKM910/Structural 1497901393 \
      AR work/memory/Behavioral 1497901395 AR work/debug_module/rtl 1497901397
FL "C:/Users/Kishore/Documents/MS/IMTEK/ILIAS/SS 2017/VLSI System Design/Project/code base/UKM910_INTR_HNDL/DFlipFlop.vhd" 2017/06/16.15:55:15 P.20131013
EN work/DFlipFlop 1497901349 \
      FL "C:/Users/Kishore/Documents/MS/IMTEK/ILIAS/SS 2017/VLSI System Design/Project/code base/UKM910_INTR_HNDL/DFlipFlop.vhd" \
      PB ieee/std_logic_1164 1381692176
AR work/DFlipFlop/Behavioral 1497901350 \
      FL "C:/Users/Kishore/Documents/MS/IMTEK/ILIAS/SS 2017/VLSI System Design/Project/code base/UKM910_INTR_HNDL/DFlipFlop.vhd" \
      EN work/DFlipFlop 1497901349
FL "C:/Users/Kishore/Documents/MS/IMTEK/ILIAS/SS 2017/VLSI System Design/Project/code base/UKM910_INTR_HNDL/IFLAG.vhd" 2017/06/16.15:41:09 P.20131013
EN work/IFLAG 1497901378 \
      FL "C:/Users/Kishore/Documents/MS/IMTEK/ILIAS/SS 2017/VLSI System Design/Project/code base/UKM910_INTR_HNDL/IFLAG.vhd" \
      PB ieee/std_logic_1164 1381692176
AR work/IFLAG/Behavioral 1497901379 \
      FL "C:/Users/Kishore/Documents/MS/IMTEK/ILIAS/SS 2017/VLSI System Design/Project/code base/UKM910_INTR_HNDL/IFLAG.vhd" \
      EN work/IFLAG 1497901378
FL "C:/Users/Kishore/Documents/MS/IMTEK/ILIAS/SS 2017/VLSI System Design/Project/code base/UKM910_INTR_HNDL/Interrupt_Logger.vhd" 2017/06/16.15:57:45 P.20131013
EN work/Interrupt_Logger 1497901390 \
      FL "C:/Users/Kishore/Documents/MS/IMTEK/ILIAS/SS 2017/VLSI System Design/Project/code base/UKM910_INTR_HNDL/Interrupt_Logger.vhd" \
      PB ieee/std_logic_1164 1381692176
AR work/Interrupt_Logger/Behavioral 1497901391 \
      FL "C:/Users/Kishore/Documents/MS/IMTEK/ILIAS/SS 2017/VLSI System Design/Project/code base/UKM910_INTR_HNDL/Interrupt_Logger.vhd" \
      EN work/Interrupt_Logger 1497901390 CP DFlipFlop
FL "C:/Users/Kishore/Documents/MS/IMTEK/ILIAS/SS 2017/VLSI System Design/Project/code base/UKM910_INTR_HNDL/memory.vhd" 2017/06/16.18:44:58 P.20131013
EN work/memory 1497901394 \
      FL "C:/Users/Kishore/Documents/MS/IMTEK/ILIAS/SS 2017/VLSI System Design/Project/code base/UKM910_INTR_HNDL/memory.vhd" \
      PB ieee/std_logic_1164 1381692176 PB ieee/std_logic_arith 1381692177 \
      PB ieee/STD_LOGIC_UNSIGNED 1381692179
AR work/memory/Behavioral 1497901395 \
      FL "C:/Users/Kishore/Documents/MS/IMTEK/ILIAS/SS 2017/VLSI System Design/Project/code base/UKM910_INTR_HNDL/memory.vhd" \
      EN work/memory 1497901394 AR work/memory_int/Synthesizable 1497901371 \
      CP memory_int
FL "C:/Users/Kishore/Documents/MS/IMTEK/ILIAS/SS 2017/VLSI System Design/Project/code base/UKM910_INTR_HNDL/memory_int.vhd" 2017/06/19.21:41:45 P.20131013
EN work/memory_int 1497901369 \
      FL "C:/Users/Kishore/Documents/MS/IMTEK/ILIAS/SS 2017/VLSI System Design/Project/code base/UKM910_INTR_HNDL/memory_int.vhd" \
      PB ieee/std_logic_1164 1381692176 PB ieee/std_logic_arith 1381692177 \
      PB ieee/STD_LOGIC_UNSIGNED 1381692179 PB ieee/STD_LOGIC_TEXTIO 1381692180 \
      PB std/TEXTIO 1381692176
AR work/memory_int/Behavioral 1497901370 \
      FL "C:/Users/Kishore/Documents/MS/IMTEK/ILIAS/SS 2017/VLSI System Design/Project/code base/UKM910_INTR_HNDL/memory_int.vhd" \
      EN work/memory_int 1497901369
AR work/memory_int/Synthesizable 1497901371 \
      FL "C:/Users/Kishore/Documents/MS/IMTEK/ILIAS/SS 2017/VLSI System Design/Project/code base/UKM910_INTR_HNDL/memory_int.vhd" \
      EN work/memory_int 1497901369
FL "C:/Users/Kishore/Documents/MS/IMTEK/ILIAS/SS 2017/VLSI System Design/Project/code base/UKM910_INTR_HNDL/MUX_16to1_16Bits.vhd" 2017/06/08.01:57:06 P.20131013
EN work/MUX_16to1_16Bits 1497901382 \
      FL "C:/Users/Kishore/Documents/MS/IMTEK/ILIAS/SS 2017/VLSI System Design/Project/code base/UKM910_INTR_HNDL/MUX_16to1_16Bits.vhd" \
      PB ieee/std_logic_1164 1381692176
AR work/MUX_16to1_16Bits/Behavioral 1497901383 \
      FL "C:/Users/Kishore/Documents/MS/IMTEK/ILIAS/SS 2017/VLSI System Design/Project/code base/UKM910_INTR_HNDL/MUX_16to1_16Bits.vhd" \
      EN work/MUX_16to1_16Bits 1497901382
FL "C:/Users/Kishore/Documents/MS/IMTEK/ILIAS/SS 2017/VLSI System Design/Project/code base/UKM910_INTR_HNDL/MUX_2to1_16Bits.vhd" 2017/06/08.01:35:10 P.20131013
EN work/MUX_2to1_16Bits 1497901380 \
      FL "C:/Users/Kishore/Documents/MS/IMTEK/ILIAS/SS 2017/VLSI System Design/Project/code base/UKM910_INTR_HNDL/MUX_2to1_16Bits.vhd" \
      PB ieee/std_logic_1164 1381692176
AR work/MUX_2to1_16Bits/Behavioral 1497901381 \
      FL "C:/Users/Kishore/Documents/MS/IMTEK/ILIAS/SS 2017/VLSI System Design/Project/code base/UKM910_INTR_HNDL/MUX_2to1_16Bits.vhd" \
      EN work/MUX_2to1_16Bits 1497901380
FL "C:/Users/Kishore/Documents/MS/IMTEK/ILIAS/SS 2017/VLSI System Design/Project/code base/UKM910_INTR_HNDL/MUX_8to1_12Bits.vhd" 2017/06/09.13:07:29 P.20131013
EN work/MUX_8to1_12Bits 1497901384 \
      FL "C:/Users/Kishore/Documents/MS/IMTEK/ILIAS/SS 2017/VLSI System Design/Project/code base/UKM910_INTR_HNDL/MUX_8to1_12Bits.vhd" \
      PB ieee/std_logic_1164 1381692176
AR work/MUX_8to1_12Bits/Behavioral 1497901385 \
      FL "C:/Users/Kishore/Documents/MS/IMTEK/ILIAS/SS 2017/VLSI System Design/Project/code base/UKM910_INTR_HNDL/MUX_8to1_12Bits.vhd" \
      EN work/MUX_8to1_12Bits 1497901384
FL "C:/Users/Kishore/Documents/MS/IMTEK/ILIAS/SS 2017/VLSI System Design/Project/code base/UKM910_INTR_HNDL/MUX_8to1_16Bits.vhd" 2017/06/09.13:08:27 P.20131013
EN work/MUX_8to1_16Bits 1497901388 \
      FL "C:/Users/Kishore/Documents/MS/IMTEK/ILIAS/SS 2017/VLSI System Design/Project/code base/UKM910_INTR_HNDL/MUX_8to1_16Bits.vhd" \
      PB ieee/std_logic_1164 1381692176
AR work/MUX_8to1_16Bits/Behavioral 1497901389 \
      FL "C:/Users/Kishore/Documents/MS/IMTEK/ILIAS/SS 2017/VLSI System Design/Project/code base/UKM910_INTR_HNDL/MUX_8to1_16Bits.vhd" \
      EN work/MUX_8to1_16Bits 1497901388
FL "C:/Users/Kishore/Documents/MS/IMTEK/ILIAS/SS 2017/VLSI System Design/Project/code base/UKM910_INTR_HNDL/Register_16Bits.vhd" 2017/06/09.20:50:17 P.20131013
EN work/Register_16Bits 1497901376 \
      FL "C:/Users/Kishore/Documents/MS/IMTEK/ILIAS/SS 2017/VLSI System Design/Project/code base/UKM910_INTR_HNDL/Register_16Bits.vhd" \
      PB ieee/std_logic_1164 1381692176
AR work/Register_16Bits/Behavioral 1497901377 \
      FL "C:/Users/Kishore/Documents/MS/IMTEK/ILIAS/SS 2017/VLSI System Design/Project/code base/UKM910_INTR_HNDL/Register_16Bits.vhd" \
      EN work/Register_16Bits 1497901376
FL "C:/Users/Kishore/Documents/MS/IMTEK/ILIAS/SS 2017/VLSI System Design/Project/code base/UKM910_INTR_HNDL/remote_sources/_/UKM910_ALU_Design/ALU.vhd" 2017/06/08.18:18:24 P.20131013
EN work/ALU 1497901372 \
      FL "C:/Users/Kishore/Documents/MS/IMTEK/ILIAS/SS 2017/VLSI System Design/Project/code base/UKM910_INTR_HNDL/remote_sources/_/UKM910_ALU_Design/ALU.vhd" \
      PB ieee/std_logic_1164 1381692176 PB ieee/NUMERIC_STD 1381692181
AR work/ALU/Structural 1497901373 \
      FL "C:/Users/Kishore/Documents/MS/IMTEK/ILIAS/SS 2017/VLSI System Design/Project/code base/UKM910_INTR_HNDL/remote_sources/_/UKM910_ALU_Design/ALU.vhd" \
      EN work/ALU 1497901372 CP Decoder4x16 CP AND_2Input_16Bit CP OR_2Input_16Bit \
      CP XOR_2Input_16Bit CP MUX_2Input_16Bit CP FullAdder_2Input_16Bit \
      CP MUX_4Input_16Bit CP LogicalShifter_16Bit
FL "C:/Users/Kishore/Documents/MS/IMTEK/ILIAS/SS 2017/VLSI System Design/Project/code base/UKM910_INTR_HNDL/remote_sources/_/UKM910_ALU_Design/AND_2Input_16Bit.vhd" 2017/06/06.12:15:58 P.20131013
EN work/AND_2Input_16Bit 1497901353 \
      FL "C:/Users/Kishore/Documents/MS/IMTEK/ILIAS/SS 2017/VLSI System Design/Project/code base/UKM910_INTR_HNDL/remote_sources/_/UKM910_ALU_Design/AND_2Input_16Bit.vhd" \
      PB ieee/std_logic_1164 1381692176
AR work/AND_2Input_16Bit/Behavioral 1497901354 \
      FL "C:/Users/Kishore/Documents/MS/IMTEK/ILIAS/SS 2017/VLSI System Design/Project/code base/UKM910_INTR_HNDL/remote_sources/_/UKM910_ALU_Design/AND_2Input_16Bit.vhd" \
      EN work/AND_2Input_16Bit 1497901353
FL "C:/Users/Kishore/Documents/MS/IMTEK/ILIAS/SS 2017/VLSI System Design/Project/code base/UKM910_INTR_HNDL/remote_sources/_/UKM910_ALU_Design/Decoder4x16.vhd" 2017/06/06.14:25:15 P.20131013
EN work/Decoder4x16 1497901351 \
      FL "C:/Users/Kishore/Documents/MS/IMTEK/ILIAS/SS 2017/VLSI System Design/Project/code base/UKM910_INTR_HNDL/remote_sources/_/UKM910_ALU_Design/Decoder4x16.vhd" \
      PB ieee/std_logic_1164 1381692176
AR work/Decoder4x16/Behavioral 1497901352 \
      FL "C:/Users/Kishore/Documents/MS/IMTEK/ILIAS/SS 2017/VLSI System Design/Project/code base/UKM910_INTR_HNDL/remote_sources/_/UKM910_ALU_Design/Decoder4x16.vhd" \
      EN work/Decoder4x16 1497901351
FL "C:/Users/Kishore/Documents/MS/IMTEK/ILIAS/SS 2017/VLSI System Design/Project/code base/UKM910_INTR_HNDL/remote_sources/_/UKM910_ALU_Design/FullAdder_2Input_16Bit.vhd" 2017/06/08.18:18:10 P.20131013
EN work/FullAdder_2Input_16Bit 1497901361 \
      FL "C:/Users/Kishore/Documents/MS/IMTEK/ILIAS/SS 2017/VLSI System Design/Project/code base/UKM910_INTR_HNDL/remote_sources/_/UKM910_ALU_Design/FullAdder_2Input_16Bit.vhd" \
      PB ieee/std_logic_1164 1381692176
AR work/FullAdder_2Input_16Bit/Structural 1497901362 \
      FL "C:/Users/Kishore/Documents/MS/IMTEK/ILIAS/SS 2017/VLSI System Design/Project/code base/UKM910_INTR_HNDL/remote_sources/_/UKM910_ALU_Design/FullAdder_2Input_16Bit.vhd" \
      EN work/FullAdder_2Input_16Bit 1497901361 CP FullAdder_2Input_1Bit
FL "C:/Users/Kishore/Documents/MS/IMTEK/ILIAS/SS 2017/VLSI System Design/Project/code base/UKM910_INTR_HNDL/remote_sources/_/UKM910_ALU_Design/FullAdder_2Input_1Bit.vhd" 2017/06/06.12:20:50 P.20131013
EN work/FullAdder_2Input_1Bit 1497901347 \
      FL "C:/Users/Kishore/Documents/MS/IMTEK/ILIAS/SS 2017/VLSI System Design/Project/code base/UKM910_INTR_HNDL/remote_sources/_/UKM910_ALU_Design/FullAdder_2Input_1Bit.vhd" \
      PB ieee/std_logic_1164 1381692176
AR work/FullAdder_2Input_1Bit/Behavioral 1497901348 \
      FL "C:/Users/Kishore/Documents/MS/IMTEK/ILIAS/SS 2017/VLSI System Design/Project/code base/UKM910_INTR_HNDL/remote_sources/_/UKM910_ALU_Design/FullAdder_2Input_1Bit.vhd" \
      EN work/FullAdder_2Input_1Bit 1497901347
FL "C:/Users/Kishore/Documents/MS/IMTEK/ILIAS/SS 2017/VLSI System Design/Project/code base/UKM910_INTR_HNDL/remote_sources/_/UKM910_ALU_Design/LogicalShifter_16Bit.vhd" 2017/06/08.21:59:50 P.20131013
EN work/LogicalShifter_16Bit 1497901365 \
      FL "C:/Users/Kishore/Documents/MS/IMTEK/ILIAS/SS 2017/VLSI System Design/Project/code base/UKM910_INTR_HNDL/remote_sources/_/UKM910_ALU_Design/LogicalShifter_16Bit.vhd" \
      PB ieee/std_logic_1164 1381692176 PB ieee/NUMERIC_STD 1381692181
AR work/LogicalShifter_16Bit/Behavioral 1497901366 \
      FL "C:/Users/Kishore/Documents/MS/IMTEK/ILIAS/SS 2017/VLSI System Design/Project/code base/UKM910_INTR_HNDL/remote_sources/_/UKM910_ALU_Design/LogicalShifter_16Bit.vhd" \
      EN work/LogicalShifter_16Bit 1497901365
FL "C:/Users/Kishore/Documents/MS/IMTEK/ILIAS/SS 2017/VLSI System Design/Project/code base/UKM910_INTR_HNDL/remote_sources/_/UKM910_ALU_Design/MUX_2Input_16Bit.vhd" 2017/06/10.00:53:21 P.20131013
EN work/MUX_2Input_16Bit 1497901359 \
      FL "C:/Users/Kishore/Documents/MS/IMTEK/ILIAS/SS 2017/VLSI System Design/Project/code base/UKM910_INTR_HNDL/remote_sources/_/UKM910_ALU_Design/MUX_2Input_16Bit.vhd" \
      PB ieee/std_logic_1164 1381692176
AR work/MUX_2Input_16Bit/Behavioral 1497901360 \
      FL "C:/Users/Kishore/Documents/MS/IMTEK/ILIAS/SS 2017/VLSI System Design/Project/code base/UKM910_INTR_HNDL/remote_sources/_/UKM910_ALU_Design/MUX_2Input_16Bit.vhd" \
      EN work/MUX_2Input_16Bit 1497901359
FL "C:/Users/Kishore/Documents/MS/IMTEK/ILIAS/SS 2017/VLSI System Design/Project/code base/UKM910_INTR_HNDL/remote_sources/_/UKM910_ALU_Design/MUX_4Input_16Bit.vhd" 2017/06/10.01:02:19 P.20131013
EN work/MUX_4Input_16Bit 1497901363 \
      FL "C:/Users/Kishore/Documents/MS/IMTEK/ILIAS/SS 2017/VLSI System Design/Project/code base/UKM910_INTR_HNDL/remote_sources/_/UKM910_ALU_Design/MUX_4Input_16Bit.vhd" \
      PB ieee/std_logic_1164 1381692176
AR work/MUX_4Input_16Bit/Behavioral 1497901364 \
      FL "C:/Users/Kishore/Documents/MS/IMTEK/ILIAS/SS 2017/VLSI System Design/Project/code base/UKM910_INTR_HNDL/remote_sources/_/UKM910_ALU_Design/MUX_4Input_16Bit.vhd" \
      EN work/MUX_4Input_16Bit 1497901363
FL "C:/Users/Kishore/Documents/MS/IMTEK/ILIAS/SS 2017/VLSI System Design/Project/code base/UKM910_INTR_HNDL/remote_sources/_/UKM910_ALU_Design/OR_2Input_16Bit.vhd" 2017/06/06.12:19:09 P.20131013
EN work/OR_2Input_16Bit 1497901355 \
      FL "C:/Users/Kishore/Documents/MS/IMTEK/ILIAS/SS 2017/VLSI System Design/Project/code base/UKM910_INTR_HNDL/remote_sources/_/UKM910_ALU_Design/OR_2Input_16Bit.vhd" \
      PB ieee/std_logic_1164 1381692176
AR work/OR_2Input_16Bit/Behavioral 1497901356 \
      FL "C:/Users/Kishore/Documents/MS/IMTEK/ILIAS/SS 2017/VLSI System Design/Project/code base/UKM910_INTR_HNDL/remote_sources/_/UKM910_ALU_Design/OR_2Input_16Bit.vhd" \
      EN work/OR_2Input_16Bit 1497901355
FL "C:/Users/Kishore/Documents/MS/IMTEK/ILIAS/SS 2017/VLSI System Design/Project/code base/UKM910_INTR_HNDL/remote_sources/_/UKM910_ALU_Design/XOR_2Input_16Bit.vhd" 2017/06/06.12:17:33 P.20131013
EN work/XOR_2Input_16Bit 1497901357 \
      FL "C:/Users/Kishore/Documents/MS/IMTEK/ILIAS/SS 2017/VLSI System Design/Project/code base/UKM910_INTR_HNDL/remote_sources/_/UKM910_ALU_Design/XOR_2Input_16Bit.vhd" \
      PB ieee/std_logic_1164 1381692176
AR work/XOR_2Input_16Bit/Behavioral 1497901358 \
      FL "C:/Users/Kishore/Documents/MS/IMTEK/ILIAS/SS 2017/VLSI System Design/Project/code base/UKM910_INTR_HNDL/remote_sources/_/UKM910_ALU_Design/XOR_2Input_16Bit.vhd" \
      EN work/XOR_2Input_16Bit 1497901357
FL "C:/Users/Kishore/Documents/MS/IMTEK/ILIAS/SS 2017/VLSI System Design/Project/code base/UKM910_INTR_HNDL/rotary_encoder.vhd" 2017/04/25.17:20:50 P.20131013
EN work/rotary_encoder 1497901367 \
      FL "C:/Users/Kishore/Documents/MS/IMTEK/ILIAS/SS 2017/VLSI System Design/Project/code base/UKM910_INTR_HNDL/rotary_encoder.vhd" \
      PB ieee/std_logic_1164 1381692176
AR work/rotary_encoder/rtl 1497901368 \
      FL "C:/Users/Kishore/Documents/MS/IMTEK/ILIAS/SS 2017/VLSI System Design/Project/code base/UKM910_INTR_HNDL/rotary_encoder.vhd" \
      EN work/rotary_encoder 1497901367
FL "C:/Users/Kishore/Documents/MS/IMTEK/ILIAS/SS 2017/VLSI System Design/Project/code base/UKM910_INTR_HNDL/UKM910.vhd" 2017/06/16.15:54:48 P.20131013
EN work/UKM910 1497901392 \
      FL "C:/Users/Kishore/Documents/MS/IMTEK/ILIAS/SS 2017/VLSI System Design/Project/code base/UKM910_INTR_HNDL/UKM910.vhd" \
      PB ieee/std_logic_1164 1381692176 LB work
AR work/UKM910/Structural 1497901393 \
      FL "C:/Users/Kishore/Documents/MS/IMTEK/ILIAS/SS 2017/VLSI System Design/Project/code base/UKM910_INTR_HNDL/UKM910.vhd" \
      EN work/UKM910 1497901392 CP ALU CP Control_Unit CP Register_16Bits CP IFLAG \
      CP MUX_2to1_16Bits CP MUX_16to1_16Bits CP MUX_8to1_12Bits CP Buffer_16Bits \
      CP MUX_8to1_16Bits CP Interrupt_Logger
